2026-09-18T16:18:26 protocol sha256 bb497cbb7c58fd1578530748c9d5ef834dc079e8b14973bc0bee348ca5c276cc workers 5 smoke False
2026-09-18T16:18:28 target verification: 44 parameter sets x 1000000 draws; max |z| = 2.341
2026-09-18T16:18:28   C1_unequal_law_null@t=1 exact nb -2.7755575615628914e-17 mc nb 5.6e-05 se 0.0009578418002597894 p_tie 0.08254
2026-09-18T16:18:28   C2_unequal_law_null_tie_heavy@t=1 exact nb 0.0 mc nb -2.9e-05 se 0.00044026491228826424 p_tie 0.806167
2026-09-18T16:18:29 chunk A1_identical_null 0 elapsed 3.6
2026-09-18T16:18:29 chunk A1_identical_null 1 elapsed 3.6
2026-09-18T16:18:29 chunk A1_identical_null 2 elapsed 3.6
2026-09-18T16:18:29 chunk A1_identical_null 3 elapsed 3.6
2026-09-18T16:18:29 chunk A1_identical_null 4 elapsed 3.6
2026-09-18T16:18:30 chunk A1_identical_null 5 elapsed 4.7
2026-09-18T16:18:30 chunk A1_identical_null 6 elapsed 4.7
2026-09-18T16:18:30 chunk A1_identical_null 7 elapsed 4.7
2026-09-18T16:18:30 chunk A1_identical_null 8 elapsed 4.7
2026-09-18T16:18:30 chunk A1_identical_null 9 elapsed 4.7
2026-09-18T16:18:31 chunk A1_identical_null 10 elapsed 5.8
2026-09-18T16:18:31 chunk A1_identical_null 11 elapsed 5.8
2026-09-18T16:18:31 chunk A1_identical_null 12 elapsed 5.8
2026-09-18T16:18:31 chunk A1_identical_null 13 elapsed 5.8
2026-09-18T16:18:31 chunk A1_identical_null 14 elapsed 5.8
2026-09-18T16:18:33 chunk A1_identical_null 15 elapsed 6.9
2026-09-18T16:18:33 chunk A1_identical_null 16 elapsed 6.9
2026-09-18T16:18:33 chunk A1_identical_null 17 elapsed 6.9
2026-09-18T16:18:33 chunk A1_identical_null 18 elapsed 7.0
2026-09-18T16:18:33 chunk A1_identical_null 19 elapsed 7.0
2026-09-18T16:18:34 chunk A2_success_boundary 0 elapsed 8.0
2026-09-18T16:18:34 chunk A2_success_boundary 1 elapsed 8.0
2026-09-18T16:18:34 chunk A2_success_boundary 2 elapsed 8.1
2026-09-18T16:18:34 chunk A2_success_boundary 3 elapsed 8.1
2026-09-18T16:18:34 chunk A2_success_boundary 4 elapsed 8.1
2026-09-18T16:18:35 chunk A2_success_boundary 5 elapsed 9.1
2026-09-18T16:18:35 chunk A2_success_boundary 6 elapsed 9.2
2026-09-18T16:18:35 chunk A2_success_boundary 7 elapsed 9.2
2026-09-18T16:18:35 chunk A2_success_boundary 8 elapsed 9.2
2026-09-18T16:18:35 chunk A2_success_boundary 9 elapsed 9.2
2026-09-18T16:18:36 chunk A2_success_boundary 10 elapsed 10.2
2026-09-18T16:18:36 chunk A2_success_boundary 11 elapsed 10.3
2026-09-18T16:18:36 chunk A2_success_boundary 12 elapsed 10.3
2026-09-18T16:18:36 chunk A2_success_boundary 13 elapsed 10.3
2026-09-18T16:18:36 chunk A2_success_boundary 14 elapsed 10.3
2026-09-18T16:18:37 chunk A2_success_boundary 15 elapsed 11.3
2026-09-18T16:18:37 chunk A2_success_boundary 16 elapsed 11.4
2026-09-18T16:18:37 chunk A2_success_boundary 17 elapsed 11.4
2026-09-18T16:18:37 chunk A2_success_boundary 18 elapsed 11.5
2026-09-18T16:18:37 chunk A2_success_boundary 19 elapsed 11.5
2026-09-18T16:18:38 chunk A3_compliance_boundary 0 elapsed 12.4
2026-09-18T16:18:38 chunk A3_compliance_boundary 1 elapsed 12.5
2026-09-18T16:18:38 chunk A3_compliance_boundary 2 elapsed 12.5
2026-09-18T16:18:38 chunk A3_compliance_boundary 3 elapsed 12.6
2026-09-18T16:18:38 chunk A3_compliance_boundary 4 elapsed 12.6
2026-09-18T16:18:39 chunk A3_compliance_boundary 5 elapsed 13.5
2026-09-18T16:18:39 chunk A3_compliance_boundary 6 elapsed 13.6
2026-09-18T16:18:39 chunk A3_compliance_boundary 7 elapsed 13.6
2026-09-18T16:18:39 chunk A3_compliance_boundary 8 elapsed 13.7
2026-09-18T16:18:39 chunk A3_compliance_boundary 9 elapsed 13.7
2026-09-18T16:18:40 chunk A3_compliance_boundary 10 elapsed 14.6
2026-09-18T16:18:40 chunk A3_compliance_boundary 11 elapsed 14.7
2026-09-18T16:18:40 chunk A3_compliance_boundary 12 elapsed 14.7
2026-09-18T16:18:40 chunk A3_compliance_boundary 13 elapsed 14.8
2026-09-18T16:18:40 chunk A3_compliance_boundary 14 elapsed 14.8
2026-09-18T16:18:41 chunk A3_compliance_boundary 15 elapsed 15.7
2026-09-18T16:18:41 chunk A3_compliance_boundary 16 elapsed 15.8
2026-09-18T16:18:41 chunk A3_compliance_boundary 17 elapsed 15.8
2026-09-18T16:18:42 chunk A3_compliance_boundary 18 elapsed 15.9
2026-09-18T16:18:42 chunk A3_compliance_boundary 19 elapsed 15.9
2026-09-18T16:18:42 chunk A4_constant_nb_0p10 0 elapsed 16.8
2026-09-18T16:18:43 chunk A4_constant_nb_0p10 1 elapsed 16.9
2026-09-18T16:18:43 chunk A4_constant_nb_0p10 2 elapsed 16.9
2026-09-18T16:18:43 chunk A4_constant_nb_0p10 3 elapsed 17.0
2026-09-18T16:18:43 chunk A5_joint_gain 0 elapsed 17.1
2026-09-18T16:18:44 chunk A5_joint_gain 1 elapsed 17.9
2026-09-18T16:18:44 chunk A5_joint_gain 2 elapsed 18.0
2026-09-18T16:18:44 chunk A5_joint_gain 3 elapsed 18.1
2026-09-18T16:18:44 chunk A6_strong_all_gates 0 elapsed 18.1
2026-09-18T16:18:44 chunk A6_strong_all_gates 1 elapsed 18.2
2026-09-18T16:18:45 chunk A6_strong_all_gates 2 elapsed 19.0
2026-09-18T16:18:45 chunk A6_strong_all_gates 3 elapsed 19.2
2026-09-18T16:18:45 chunk B1_nb_pos_then_neg 0 elapsed 19.2
2026-09-18T16:18:45 chunk B1_nb_pos_then_neg 1 elapsed 19.2
2026-09-18T16:18:45 chunk B1_nb_pos_then_neg 2 elapsed 19.4
2026-09-18T16:18:46 chunk B1_nb_pos_then_neg 3 elapsed 20.2
2026-09-18T16:18:46 chunk B1_nb_pos_then_neg 4 elapsed 20.3
2026-09-18T16:18:46 chunk B1_nb_pos_then_neg 5 elapsed 20.3
2026-09-18T16:18:46 chunk B1_nb_pos_then_neg 6 elapsed 20.3
2026-09-18T16:18:46 chunk B1_nb_pos_then_neg 7 elapsed 20.5
2026-09-18T16:18:47 chunk B1_nb_pos_then_neg 8 elapsed 21.3
2026-09-18T16:18:47 chunk B1_nb_pos_then_neg 9 elapsed 21.4
2026-09-18T16:18:47 chunk B1_nb_pos_then_neg 10 elapsed 21.4
2026-09-18T16:18:47 chunk B1_nb_pos_then_neg 11 elapsed 21.4
2026-09-18T16:18:47 chunk B1_nb_pos_then_neg 12 elapsed 21.7
2026-09-18T16:18:48 chunk B1_nb_pos_then_neg 13 elapsed 22.4
2026-09-18T16:18:48 chunk B1_nb_pos_then_neg 14 elapsed 22.5
2026-09-18T16:18:48 chunk B1_nb_pos_then_neg 15 elapsed 22.6
2026-09-18T16:18:48 chunk B1_nb_pos_then_neg 16 elapsed 22.6
2026-09-18T16:18:48 chunk B1_nb_pos_then_neg 17 elapsed 22.8
2026-09-18T16:18:49 chunk B1_nb_pos_then_neg 18 elapsed 23.5
2026-09-18T16:18:49 chunk B1_nb_pos_then_neg 19 elapsed 23.6
2026-09-18T16:18:49 chunk B2_nb_neg_then_pos 0 elapsed 23.7
2026-09-18T16:18:49 chunk B2_nb_neg_then_pos 1 elapsed 23.7
2026-09-18T16:18:50 chunk B2_nb_neg_then_pos 2 elapsed 23.9
2026-09-18T16:18:50 chunk B2_nb_neg_then_pos 3 elapsed 24.6
2026-09-18T16:18:50 chunk B2_nb_neg_then_pos 4 elapsed 24.7
2026-09-18T16:18:50 chunk B2_nb_neg_then_pos 5 elapsed 24.8
2026-09-18T16:18:50 chunk B2_nb_neg_then_pos 6 elapsed 24.8
2026-09-18T16:18:51 chunk B2_nb_neg_then_pos 7 elapsed 25.1
2026-09-18T16:18:51 chunk B2_nb_neg_then_pos 8 elapsed 25.6
2026-09-18T16:18:51 chunk B2_nb_neg_then_pos 9 elapsed 25.8
2026-09-18T16:18:52 chunk B2_nb_neg_then_pos 10 elapsed 25.9
2026-09-18T16:18:52 chunk B2_nb_neg_then_pos 11 elapsed 25.9
2026-09-18T16:18:52 chunk B2_nb_neg_then_pos 12 elapsed 26.2
2026-09-18T16:18:52 chunk B2_nb_neg_then_pos 13 elapsed 26.7
2026-09-18T16:18:53 chunk B2_nb_neg_then_pos 14 elapsed 27.0
2026-09-18T16:18:53 chunk B2_nb_neg_then_pos 15 elapsed 27.0
2026-09-18T16:18:53 chunk B2_nb_neg_then_pos 16 elapsed 27.1
2026-09-18T16:18:53 chunk B2_nb_neg_then_pos 17 elapsed 27.3
2026-09-18T16:18:53 chunk B2_nb_neg_then_pos 18 elapsed 27.9
2026-09-18T16:18:54 chunk B2_nb_neg_then_pos 19 elapsed 28.1
2026-09-18T16:18:54 chunk B3a_alternating_violator 0 elapsed 28.1
2026-09-18T16:18:54 chunk B3a_alternating_violator 1 elapsed 28.2
2026-09-18T16:18:54 chunk B3a_alternating_violator 2 elapsed 28.5
2026-09-18T16:18:55 chunk B3a_alternating_violator 3 elapsed 28.9
2026-09-18T16:18:55 chunk B3a_alternating_violator 4 elapsed 29.2
2026-09-18T16:18:55 chunk B3a_alternating_violator 5 elapsed 29.2
2026-09-18T16:18:55 chunk B3a_alternating_violator 6 elapsed 29.3
2026-09-18T16:18:55 chunk B3a_alternating_violator 7 elapsed 29.6
2026-09-18T16:18:56 chunk B3a_alternating_violator 8 elapsed 30.1
2026-09-18T16:18:56 chunk B3a_alternating_violator 9 elapsed 30.4
2026-09-18T16:18:56 chunk B3a_alternating_violator 10 elapsed 30.4
2026-09-18T16:18:56 chunk B3a_alternating_violator 11 elapsed 30.4
2026-09-18T16:18:56 chunk B3a_alternating_violator 12 elapsed 30.8
2026-09-18T16:18:57 chunk B3a_alternating_violator 13 elapsed 31.2
2026-09-18T16:18:57 chunk B3a_alternating_violator 14 elapsed 31.5
2026-09-18T16:18:57 chunk B3a_alternating_violator 15 elapsed 31.5
2026-09-18T16:18:57 chunk B3a_alternating_violator 16 elapsed 31.6
2026-09-18T16:18:58 chunk B3a_alternating_violator 17 elapsed 31.9
2026-09-18T16:18:58 chunk B3a_alternating_violator 18 elapsed 32.3
2026-09-18T16:18:58 chunk B3a_alternating_violator 19 elapsed 32.6
2026-09-18T16:18:58 chunk B3b_cycling_violator 0 elapsed 32.6
2026-09-18T16:18:58 chunk B3b_cycling_violator 1 elapsed 32.7
2026-09-18T16:18:59 chunk B3b_cycling_violator 2 elapsed 33.0
2026-09-18T16:18:59 chunk B3b_cycling_violator 3 elapsed 33.5
2026-09-18T16:18:59 chunk B3b_cycling_violator 4 elapsed 33.8
2026-09-18T16:18:59 chunk B3b_cycling_violator 5 elapsed 33.8
2026-09-18T16:18:59 chunk B3b_cycling_violator 6 elapsed 33.8
2026-09-18T16:19:00 chunk B3b_cycling_violator 7 elapsed 34.2
2026-09-18T16:19:00 chunk B3b_cycling_violator 8 elapsed 34.6
2026-09-18T16:19:01 chunk B3b_cycling_violator 9 elapsed 34.9
2026-09-18T16:19:01 chunk B3b_cycling_violator 10 elapsed 34.9
2026-09-18T16:19:01 chunk B3b_cycling_violator 11 elapsed 35.0
2026-09-18T16:19:01 chunk B3b_cycling_violator 12 elapsed 35.3
2026-09-18T16:19:01 chunk B3b_cycling_violator 13 elapsed 35.7
2026-09-18T16:19:02 chunk B3b_cycling_violator 14 elapsed 36.1
2026-09-18T16:19:02 chunk B3b_cycling_violator 15 elapsed 36.1
2026-09-18T16:19:02 chunk B3b_cycling_violator 16 elapsed 36.1
2026-09-18T16:19:02 chunk B3b_cycling_violator 17 elapsed 36.5
2026-09-18T16:19:02 chunk B3b_cycling_violator 18 elapsed 36.9
2026-09-18T16:19:03 chunk B3b_cycling_violator 19 elapsed 37.2
2026-09-18T16:19:03 chunk C1_unequal_law_null 0 elapsed 37.2
2026-09-18T16:19:03 chunk C1_unequal_law_null 1 elapsed 37.2
2026-09-18T16:19:03 chunk C1_unequal_law_null 2 elapsed 37.6
2026-09-18T16:19:04 chunk C1_unequal_law_null 3 elapsed 37.9
2026-09-18T16:19:04 chunk C1_unequal_law_null 4 elapsed 38.3
2026-09-18T16:19:04 chunk C1_unequal_law_null 5 elapsed 38.4
2026-09-18T16:19:04 chunk C1_unequal_law_null 6 elapsed 38.4
2026-09-18T16:19:04 chunk C1_unequal_law_null 7 elapsed 38.8
2026-09-18T16:19:05 chunk C1_unequal_law_null 8 elapsed 39.0
2026-09-18T16:19:05 chunk C1_unequal_law_null 9 elapsed 39.4
2026-09-18T16:19:05 chunk C1_unequal_law_null 10 elapsed 39.5
2026-09-18T16:19:05 chunk C1_unequal_law_null 11 elapsed 39.5
2026-09-18T16:19:06 chunk C1_unequal_law_null 12 elapsed 40.0
2026-09-18T16:19:06 chunk C1_unequal_law_null 13 elapsed 40.2
2026-09-18T16:19:06 chunk C1_unequal_law_null 14 elapsed 40.6
2026-09-18T16:19:06 chunk C1_unequal_law_null 15 elapsed 40.6
2026-09-18T16:19:06 chunk C1_unequal_law_null 16 elapsed 40.6
2026-09-18T16:19:07 chunk C1_unequal_law_null 17 elapsed 41.1
2026-09-18T16:19:07 chunk C1_unequal_law_null 18 elapsed 41.3
2026-09-18T16:19:07 chunk C1_unequal_law_null 19 elapsed 41.7
2026-09-18T16:19:07 chunk C2_unequal_law_null_tie_heavy 0 elapsed 41.7
2026-09-18T16:19:07 chunk C2_unequal_law_null_tie_heavy 1 elapsed 41.7
2026-09-18T16:19:08 chunk C2_unequal_law_null_tie_heavy 2 elapsed 42.2
2026-09-18T16:19:08 chunk C2_unequal_law_null_tie_heavy 3 elapsed 42.3
2026-09-18T16:19:08 chunk C2_unequal_law_null_tie_heavy 4 elapsed 42.7
2026-09-18T16:19:08 chunk C2_unequal_law_null_tie_heavy 5 elapsed 42.8
2026-09-18T16:19:08 chunk C2_unequal_law_null_tie_heavy 6 elapsed 42.8
2026-09-18T16:19:09 chunk C2_unequal_law_null_tie_heavy 7 elapsed 43.2
2026-09-18T16:19:09 chunk C2_unequal_law_null_tie_heavy 8 elapsed 43.4
2026-09-18T16:19:09 chunk C2_unequal_law_null_tie_heavy 9 elapsed 43.8
2026-09-18T16:19:09 chunk C2_unequal_law_null_tie_heavy 10 elapsed 43.8
2026-09-18T16:19:09 chunk C2_unequal_law_null_tie_heavy 11 elapsed 43.8
2026-09-18T16:19:10 chunk C2_unequal_law_null_tie_heavy 12 elapsed 44.3
2026-09-18T16:19:10 chunk C2_unequal_law_null_tie_heavy 13 elapsed 44.4
2026-09-18T16:19:10 chunk C2_unequal_law_null_tie_heavy 14 elapsed 44.8
2026-09-18T16:19:10 chunk C2_unequal_law_null_tie_heavy 15 elapsed 44.8
2026-09-18T16:19:10 chunk C2_unequal_law_null_tie_heavy 16 elapsed 44.9
2026-09-18T16:19:11 chunk C2_unequal_law_null_tie_heavy 17 elapsed 45.2
2026-09-18T16:19:11 chunk C2_unequal_law_null_tie_heavy 18 elapsed 45.3
2026-09-18T16:19:11 chunk C2_unequal_law_null_tie_heavy 19 elapsed 45.6
2026-09-18T16:19:11 A1_identical_null {'win_only_betting': (97, 97), 'win_only_normal_mixture': (89, 89), 'guarded_betting': (55, 55), 'guarded_betting_split': (15, 15), 'guarded_normal_mixture': (0, 0), 'guarded_normal_mixture_split': (0, 0), 'guarded_repeated_wald': (2686, 2686), 'guarded_group_bonferroni_wald': (222, 222), 'guarded_fixed_wald': (486, 486)}
2026-09-18T16:19:11 A2_success_boundary {'win_only_betting': (10000, 0), 'win_only_normal_mixture': (10000, 0), 'guarded_betting': (38, 38), 'guarded_betting_split': (13, 13), 'guarded_normal_mixture': (0, 0), 'guarded_normal_mixture_split': (0, 0), 'guarded_repeated_wald': (3052, 3052), 'guarded_group_bonferroni_wald': (217, 217), 'guarded_fixed_wald': (508, 508)}
2026-09-18T16:19:11 A3_compliance_boundary {'win_only_betting': (10000, 0), 'win_only_normal_mixture': (10000, 0), 'guarded_betting': (38, 38), 'guarded_betting_split': (10, 10), 'guarded_normal_mixture': (0, 0), 'guarded_normal_mixture_split': (0, 0), 'guarded_repeated_wald': (2977, 2977), 'guarded_group_bonferroni_wald': (230, 230), 'guarded_fixed_wald': (510, 510)}
2026-09-18T16:19:11 A4_constant_nb_0p10 {'win_only_betting': (2000, 0), 'win_only_normal_mixture': (2000, 0), 'guarded_betting': (1917, 0), 'guarded_betting_split': (1832, 0), 'guarded_normal_mixture': (0, 0), 'guarded_normal_mixture_split': (0, 0), 'guarded_repeated_wald': (2000, 0), 'guarded_group_bonferroni_wald': (1980, 0), 'guarded_fixed_wald': (1998, 0)}
2026-09-18T16:19:11 A5_joint_gain {'win_only_betting': (2000, 0), 'win_only_normal_mixture': (2000, 0), 'guarded_betting': (2000, 0), 'guarded_betting_split': (2000, 0), 'guarded_normal_mixture': (0, 0), 'guarded_normal_mixture_split': (0, 0), 'guarded_repeated_wald': (2000, 0), 'guarded_group_bonferroni_wald': (2000, 0), 'guarded_fixed_wald': (2000, 0)}
2026-09-18T16:19:11 A6_strong_all_gates {'win_only_betting': (2000, 0), 'win_only_normal_mixture': (2000, 0), 'guarded_betting': (2000, 0), 'guarded_betting_split': (2000, 0), 'guarded_normal_mixture': (2000, 0), 'guarded_normal_mixture_split': (2000, 0), 'guarded_repeated_wald': (2000, 0), 'guarded_group_bonferroni_wald': (2000, 0), 'guarded_fixed_wald': (2000, 0)}
2026-09-18T16:19:11 B1_nb_pos_then_neg {'win_only_betting': (10000, 1), 'win_only_normal_mixture': (10000, 1), 'guarded_betting': (10000, 1), 'guarded_betting_split': (10000, 1), 'guarded_normal_mixture': (10000, 1), 'guarded_normal_mixture_split': (10000, 1), 'guarded_repeated_wald': (10000, 470), 'guarded_group_bonferroni_wald': (10000, 41), 'guarded_fixed_wald': (0, 0)}
2026-09-18T16:19:11 B2_nb_neg_then_pos {'win_only_betting': (10000, 1), 'win_only_normal_mixture': (10000, 1), 'guarded_betting': (10000, 1), 'guarded_betting_split': (10000, 0), 'guarded_normal_mixture': (10000, 1), 'guarded_normal_mixture_split': (10000, 0), 'guarded_repeated_wald': (10000, 462), 'guarded_group_bonferroni_wald': (10000, 50), 'guarded_fixed_wald': (10000, 0)}
2026-09-18T16:19:11 B3a_alternating_violator {'win_only_betting': (10000, 68), 'win_only_normal_mixture': (10000, 67), 'guarded_betting': (37, 37), 'guarded_betting_split': (8, 8), 'guarded_normal_mixture': (0, 0), 'guarded_normal_mixture_split': (0, 0), 'guarded_repeated_wald': (2861, 2861), 'guarded_group_bonferroni_wald': (168, 168), 'guarded_fixed_wald': (495, 495)}
2026-09-18T16:19:11 B3b_cycling_violator {'win_only_betting': (10000, 33), 'win_only_normal_mixture': (10000, 26), 'guarded_betting': (48, 48), 'guarded_betting_split': (15, 15), 'guarded_normal_mixture': (0, 0), 'guarded_normal_mixture_split': (0, 0), 'guarded_repeated_wald': (3189, 3189), 'guarded_group_bonferroni_wald': (193, 193), 'guarded_fixed_wald': (445, 445)}
2026-09-18T16:19:11 C1_unequal_law_null {'win_only_betting': (95, 95), 'win_only_normal_mixture': (86, 86), 'guarded_betting': (64, 64), 'guarded_betting_split': (19, 19), 'guarded_normal_mixture': (0, 0), 'guarded_normal_mixture_split': (0, 0), 'guarded_repeated_wald': (3150, 3150), 'guarded_group_bonferroni_wald': (226, 226), 'guarded_fixed_wald': (520, 520)}
2026-09-18T16:19:11 C2_unequal_law_null_tie_heavy {'win_only_betting': (103, 103), 'win_only_normal_mixture': (0, 0), 'guarded_betting': (73, 73), 'guarded_betting_split': (24, 24), 'guarded_normal_mixture': (0, 0), 'guarded_normal_mixture_split': (0, 0), 'guarded_repeated_wald': (3212, 3212), 'guarded_group_bonferroni_wald': (257, 257), 'guarded_fixed_wald': (508, 508)}
2026-09-18T16:19:19 permutation {'C0_equal_law_perm_calibration': [10000, 429, 397, 468], 'C1_unequal_law_null': [2000, 1886, 1538, 1795], 'C2_unequal_law_null_tie_heavy': [2000, 2000, 90, 2000]}
2026-09-18T16:19:19 done seconds 53.3
